  Assignment_7.cpp
D:\An_3\DMD\Week_9\Assignment_7\Assignment_7\Assignment_7.cpp(19,5): error C4235: nonstandard extension used: '__asm' keyword not supported on this architecture
D:\An_3\DMD\Week_9\Assignment_7\Assignment_7\Assignment_7.cpp(20,9): error C2065: 'mov': undeclared identifier
D:\An_3\DMD\Week_9\Assignment_7\Assignment_7\Assignment_7.cpp(20,13): error C2146: syntax error: missing ';' before identifier 'eax'
D:\An_3\DMD\Week_9\Assignment_7\Assignment_7\Assignment_7.cpp(20,13): error C2065: 'eax': undeclared identifier
D:\An_3\DMD\Week_9\Assignment_7\Assignment_7\Assignment_7.cpp(21,9): error C2146: syntax error: missing ';' before identifier 'cpuid'
D:\An_3\DMD\Week_9\Assignment_7\Assignment_7\Assignment_7.cpp(21,9): error C2065: 'cpuid': undeclared identifier
D:\An_3\DMD\Week_9\Assignment_7\Assignment_7\Assignment_7.cpp(22,9): error C2146: syntax error: missing ';' before identifier 'mov'
D:\An_3\DMD\Week_9\Assignment_7\Assignment_7\Assignment_7.cpp(22,9): error C2065: 'mov': undeclared identifier
D:\An_3\DMD\Week_9\Assignment_7\Assignment_7\Assignment_7.cpp(22,13): error C2146: syntax error: missing ';' before identifier 'info'
D:\An_3\DMD\Week_9\Assignment_7\Assignment_7\Assignment_7.cpp(22,23): error C2065: 'eax': undeclared identifier
D:\An_3\DMD\Week_9\Assignment_7\Assignment_7\Assignment_7.cpp(23,9): error C2146: syntax error: missing ';' before identifier 'mov'
D:\An_3\DMD\Week_9\Assignment_7\Assignment_7\Assignment_7.cpp(23,9): error C2065: 'mov': undeclared identifier
D:\An_3\DMD\Week_9\Assignment_7\Assignment_7\Assignment_7.cpp(23,13): error C2146: syntax error: missing ';' before identifier 'info'
D:\An_3\DMD\Week_9\Assignment_7\Assignment_7\Assignment_7.cpp(23,23): error C2065: 'ebx': undeclared identifier
D:\An_3\DMD\Week_9\Assignment_7\Assignment_7\Assignment_7.cpp(24,9): error C2146: syntax error: missing ';' before identifier 'mov'
D:\An_3\DMD\Week_9\Assignment_7\Assignment_7\Assignment_7.cpp(24,9): error C2065: 'mov': undeclared identifier
D:\An_3\DMD\Week_9\Assignment_7\Assignment_7\Assignment_7.cpp(24,13): error C2146: syntax error: missing ';' before identifier 'info'
D:\An_3\DMD\Week_9\Assignment_7\Assignment_7\Assignment_7.cpp(24,23): error C2065: 'ecx': undeclared identifier
D:\An_3\DMD\Week_9\Assignment_7\Assignment_7\Assignment_7.cpp(25,9): error C2146: syntax error: missing ';' before identifier 'mov'
D:\An_3\DMD\Week_9\Assignment_7\Assignment_7\Assignment_7.cpp(25,9): error C2065: 'mov': undeclared identifier
D:\An_3\DMD\Week_9\Assignment_7\Assignment_7\Assignment_7.cpp(25,13): error C2146: syntax error: missing ';' before identifier 'info'
D:\An_3\DMD\Week_9\Assignment_7\Assignment_7\Assignment_7.cpp(25,23): error C2065: 'edx': undeclared identifier
D:\An_3\DMD\Week_9\Assignment_7\Assignment_7\Assignment_7.cpp(26,5): error C2143: syntax error: missing ';' before '}'
